 function-entry:call_stack.py:start:23
 function-entry: call_stack.py:function_1:1
 function-entry:  call_stack.py:function_3:9
function-steal:  call_stack.py:function_3:10
function-steal: call_stack.py:function_1:2
 function-entry: call_stack.py:function_2:5
 function-entry:  call_stack.py:function_1:1
 function-entry:   call_stack.py:function_3:9
function-steal:   call_stack.py:function_3:10
function-steal:  call_stack.py:function_1:2
function-steal: call_stack.py:function_2:6
 function-entry: call_stack.py:function_3:9
function-steal: call_stack.py:function_3:10
 function-entry: call_stack.py:function_4:13
function-steal: call_stack.py:function_4:14
 function-entry: call_stack.py:function_5:18
function-steal: call_stack.py:function_5:21
function-steal:call_stack.py:start:28
